// 重构日志: bd63837e
// 重构日志: 4919c1f6
// 重构日志: 20e21159
// 同步 ID: df9a891c @ Mon Jul 13 20:14:14 UTC 2026
// 同步 ID: 07d12cbc @ Wed Jul 15 00:47:54 UTC 2026
// 重构日志: a6b7fd37
// 重构日志: fef0920e
// 重构日志: ede92984
// 同步 ID: d860d4b5 @ Thu Jul 16 12:18:12 UTC 2026
// 重构日志: 4a28ad70
// 同步 ID: e9fd3993 @ Fri Jul 17 04:53:08 UTC 2026
// 同步 ID: 909c278c @ Sat Jul 18 09:51:39 UTC 2026
// 同步 ID: ca01ca82 @ Sat Jul 18 10:57:55 UTC 2026
// 重构日志: c28c86bc
// 重构日志: 11eca9bf
// 同步 ID: 1a6c8917 @ Tue Jul 21 17:26:19 UTC 2026
// 重构日志: 6dd883e3
// 同步 ID: 096ff69f @ Thu Jul 23 15:29:33 UTC 2026
// 重构日志: fabec4f5
// 重构日志: 35a16464
// 重构日志: 39a3d7b9
// 同步 ID: be797918 @ Fri Jul 24 12:44:37 UTC 2026
// 重构日志: 7af36a62
// 重构日志: 9d4a72b0
// 重构日志: 1bbd9b12
// 重构日志: 2b26199c
// 重构日志: 551f477b
// 重构日志: 728694cf
// 同步 ID: 7846032f @ Mon Jul 27 05:30:32 UTC 2026
// 同步 ID: be3484cb @ Mon Jul 27 20:10:42 UTC 2026
// 重构日志: 215cb2fa
// 重构日志: 2507b0ff
// 重构日志: a2fd9bb2
// 重构日志: 92a92d62
